This is pdfTeX, Version 3.141592653-2.6-1.40.25 (TeX Live 2023/Debian) (preloaded format=pdflatex 2026.3.10)  7 APR 2026 00:51
entering extended mode
 restricted \write18 enabled.
 %&-line parsing enabled.
**main.tex
(./main.tex
LaTeX2e <2023-11-01> patch level 1
L3 programming layer <2024-01-22>
(/usr/share/texlive/texmf-dist/tex/latex/base/report.cls
Document Class: report 2023/05/17 v1.4n Standard LaTeX document class
(/usr/share/texlive/texmf-dist/tex/latex/base/size12.clo
File: size12.clo 2023/05/17 v1.4n Standard LaTeX file (size option)
)
\c@part=\count187
\c@chapter=\count188
\c@section=\count189
\c@subsection=\count190
\c@subsubsection=\count191
\c@paragraph=\count192
\c@subparagraph=\count193
\c@figure=\count194
\c@table=\count195
\abovecaptionskip=\skip48
\belowcaptionskip=\skip49
\bibindent=\dimen140
)
(/usr/share/texlive/texmf-dist/tex/latex/geometry/geometry.sty
Package: geometry 2020/01/02 v5.9 Page Geometry

(/usr/share/texlive/texmf-dist/tex/latex/graphics/keyval.sty
Package: keyval 2022/05/29 v1.15 key=value parser (DPC)
\KV@toks@=\toks17
)
(/usr/share/texlive/texmf-dist/tex/generic/iftex/ifvtex.sty
Package: ifvtex 2019/10/25 v1.7 ifvtex legacy package. Use iftex instead.

(/usr/share/texlive/texmf-dist/tex/generic/iftex/iftex.sty
Package: iftex 2022/02/03 v1.0f TeX engine tests
))
\Gm@cnth=\count196
\Gm@cntv=\count197
\c@Gm@tempcnt=\count198
\Gm@bindingoffset=\dimen141
\Gm@wd@mp=\dimen142
\Gm@odd@mp=\dimen143
\Gm@even@mp=\dimen144
\Gm@layoutwidth=\dimen145
\Gm@layoutheight=\dimen146
\Gm@layouthoffset=\dimen147
\Gm@layoutvoffset=\dimen148
\Gm@dimlist=\toks18
)
(/usr/share/texlive/texmf-dist/tex/latex/psnfss/mathptmx.sty
Package: mathptmx 2020/03/25 PSNFSS-v9.3 Times w/ Math, improved (SPQR, WaS) 
LaTeX Font Info:    Redeclaring symbol font `operators' on input line 28.
LaTeX Font Info:    Overwriting symbol font `operators' in version `normal'
(Font)                  OT1/cmr/m/n --> OT1/ztmcm/m/n on input line 28.
LaTeX Font Info:    Overwriting symbol font `operators' in version `bold'
(Font)                  OT1/cmr/bx/n --> OT1/ztmcm/m/n on input line 28.
LaTeX Font Info:    Redeclaring symbol font `letters' on input line 29.
LaTeX Font Info:    Overwriting symbol font `letters' in version `normal'
(Font)                  OML/cmm/m/it --> OML/ztmcm/m/it on input line 29.
LaTeX Font Info:    Overwriting symbol font `letters' in version `bold'
(Font)                  OML/cmm/b/it --> OML/ztmcm/m/it on input line 29.
LaTeX Font Info:    Redeclaring symbol font `symbols' on input line 30.
LaTeX Font Info:    Overwriting symbol font `symbols' in version `normal'
(Font)                  OMS/cmsy/m/n --> OMS/ztmcm/m/n on input line 30.
LaTeX Font Info:    Overwriting symbol font `symbols' in version `bold'
(Font)                  OMS/cmsy/b/n --> OMS/ztmcm/m/n on input line 30.
LaTeX Font Info:    Redeclaring symbol font `largesymbols' on input line 31.
LaTeX Font Info:    Overwriting symbol font `largesymbols' in version `normal'
(Font)                  OMX/cmex/m/n --> OMX/ztmcm/m/n on input line 31.
LaTeX Font Info:    Overwriting symbol font `largesymbols' in version `bold'
(Font)                  OMX/cmex/m/n --> OMX/ztmcm/m/n on input line 31.
\symbold=\mathgroup4
\symitalic=\mathgroup5
LaTeX Font Info:    Redeclaring math alphabet \mathbf on input line 34.
LaTeX Font Info:    Overwriting math alphabet `\mathbf' in version `normal'
(Font)                  OT1/cmr/bx/n --> OT1/ptm/bx/n on input line 34.
LaTeX Font Info:    Overwriting math alphabet `\mathbf' in version `bold'
(Font)                  OT1/cmr/bx/n --> OT1/ptm/bx/n on input line 34.
LaTeX Font Info:    Redeclaring math alphabet \mathit on input line 35.
LaTeX Font Info:    Overwriting math alphabet `\mathit' in version `normal'
(Font)                  OT1/cmr/m/it --> OT1/ptm/m/it on input line 35.
LaTeX Font Info:    Overwriting math alphabet `\mathit' in version `bold'
(Font)                  OT1/cmr/bx/it --> OT1/ptm/m/it on input line 35.
LaTeX Info: Redefining \hbar on input line 50.
)
(/usr/share/texlive/texmf-dist/tex/latex/setspace/setspace.sty
Package: setspace 2022/12/04 v6.7b set line spacing
)
(/usr/share/texlive/texmf-dist/tex/latex/titlesec/titlesec.sty
Package: titlesec 2023/10/27 v2.16 Sectioning titles
\ttl@box=\box51
\beforetitleunit=\skip50
\aftertitleunit=\skip51
\ttl@plus=\dimen149
\ttl@minus=\dimen150
\ttl@toksa=\toks19
\titlewidth=\dimen151
\titlewidthlast=\dimen152
\titlewidthfirst=\dimen153
)
(/usr/share/texlive/texmf-dist/tex/latex/graphics/graphicx.sty
Package: graphicx 2021/09/16 v1.2d Enhanced LaTeX Graphics (DPC,SPQR)

(/usr/share/texlive/texmf-dist/tex/latex/graphics/graphics.sty
Package: graphics 2022/03/10 v1.4e Standard LaTeX Graphics (DPC,SPQR)

(/usr/share/texlive/texmf-dist/tex/latex/graphics/trig.sty
Package: trig 2021/08/11 v1.11 sin cos tan (DPC)
)
(/usr/share/texlive/texmf-dist/tex/latex/graphics-cfg/graphics.cfg
File: graphics.cfg 2016/06/04 v1.11 sample graphics configuration
)
Package graphics Info: Driver file: pdftex.def on input line 107.

(/usr/share/texlive/texmf-dist/tex/latex/graphics-def/pdftex.def
File: pdftex.def 2022/09/22 v1.2b Graphics/color driver for pdftex
))
\Gin@req@height=\dimen154
\Gin@req@width=\dimen155
)
(/usr/share/texlive/texmf-dist/tex/latex/hyperref/hyperref.sty
Package: hyperref 2024-01-20 v7.01h Hypertext links for LaTeX

(/usr/share/texlive/texmf-dist/tex/latex/kvsetkeys/kvsetkeys.sty
Package: kvsetkeys 2022-10-05 v1.19 Key value parser (HO)
)
(/usr/share/texlive/texmf-dist/tex/generic/kvdefinekeys/kvdefinekeys.sty
Package: kvdefinekeys 2019-12-19 v1.6 Define keys (HO)
)
(/usr/share/texlive/texmf-dist/tex/generic/pdfescape/pdfescape.sty
Package: pdfescape 2019/12/09 v1.15 Implements pdfTeX's escape features (HO)

(/usr/share/texlive/texmf-dist/tex/generic/ltxcmds/ltxcmds.sty
Package: ltxcmds 2023-12-04 v1.26 LaTeX kernel commands for general use (HO)
)
(/usr/share/texlive/texmf-dist/tex/generic/pdftexcmds/pdftexcmds.sty
Package: pdftexcmds 2020-06-27 v0.33 Utility functions of pdfTeX for LuaTeX (HO
)

(/usr/share/texlive/texmf-dist/tex/generic/infwarerr/infwarerr.sty
Package: infwarerr 2019/12/03 v1.5 Providing info/warning/error messages (HO)
)
Package pdftexcmds Info: \pdf@primitive is available.
Package pdftexcmds Info: \pdf@ifprimitive is available.
Package pdftexcmds Info: \pdfdraftmode found.
))
(/usr/share/texlive/texmf-dist/tex/latex/hycolor/hycolor.sty
Package: hycolor 2020-01-27 v1.10 Color options for hyperref/bookmark (HO)
)
(/usr/share/texlive/texmf-dist/tex/latex/auxhook/auxhook.sty
Package: auxhook 2019-12-17 v1.6 Hooks for auxiliary files (HO)
)
(/usr/share/texlive/texmf-dist/tex/latex/hyperref/nameref.sty
Package: nameref 2023-11-26 v2.56 Cross-referencing by name of section

(/usr/share/texlive/texmf-dist/tex/latex/refcount/refcount.sty
Package: refcount 2019/12/15 v3.6 Data extraction from label references (HO)
)
(/usr/share/texlive/texmf-dist/tex/generic/gettitlestring/gettitlestring.sty
Package: gettitlestring 2019/12/15 v1.6 Cleanup title references (HO)

(/usr/share/texlive/texmf-dist/tex/latex/kvoptions/kvoptions.sty
Package: kvoptions 2022-06-15 v3.15 Key value format for package options (HO)
))
\c@section@level=\count199
)
(/usr/share/texlive/texmf-dist/tex/latex/etoolbox/etoolbox.sty
Package: etoolbox 2020/10/05 v2.5k e-TeX tools for LaTeX (JAW)
\etb@tempcnta=\count266
)
\@linkdim=\dimen156
\Hy@linkcounter=\count267
\Hy@pagecounter=\count268

(/usr/share/texlive/texmf-dist/tex/latex/hyperref/pd1enc.def
File: pd1enc.def 2024-01-20 v7.01h Hyperref: PDFDocEncoding definition (HO)
Now handling font encoding PD1 ...
... no UTF-8 mapping file for font encoding PD1
)
(/usr/share/texlive/texmf-dist/tex/generic/intcalc/intcalc.sty
Package: intcalc 2019/12/15 v1.3 Expandable calculations with integers (HO)
)
\Hy@SavedSpaceFactor=\count269

(/usr/share/texlive/texmf-dist/tex/latex/hyperref/puenc.def
File: puenc.def 2024-01-20 v7.01h Hyperref: PDF Unicode definition (HO)
Now handling font encoding PU ...
... no UTF-8 mapping file for font encoding PU
)
Package hyperref Info: Hyper figures OFF on input line 4179.
Package hyperref Info: Link nesting OFF on input line 4184.
Package hyperref Info: Hyper index ON on input line 4187.
Package hyperref Info: Plain pages OFF on input line 4194.
Package hyperref Info: Backreferencing OFF on input line 4199.
Package hyperref Info: Implicit mode ON; LaTeX internals redefined.
Package hyperref Info: Bookmarks ON on input line 4446.
\c@Hy@tempcnt=\count270

(/usr/share/texlive/texmf-dist/tex/latex/url/url.sty
\Urlmuskip=\muskip16
Package: url 2013/09/16  ver 3.4  Verb mode for urls, etc.
)
LaTeX Info: Redefining \url on input line 4784.
\XeTeXLinkMargin=\dimen157

(/usr/share/texlive/texmf-dist/tex/generic/bitset/bitset.sty
Package: bitset 2019/12/09 v1.3 Handle bit-vector datatype (HO)

(/usr/share/texlive/texmf-dist/tex/generic/bigintcalc/bigintcalc.sty
Package: bigintcalc 2019/12/15 v1.5 Expandable calculations on big integers (HO
)
))
\Fld@menulength=\count271
\Field@Width=\dimen158
\Fld@charsize=\dimen159
Package hyperref Info: Hyper figures OFF on input line 6063.
Package hyperref Info: Link nesting OFF on input line 6068.
Package hyperref Info: Hyper index ON on input line 6071.
Package hyperref Info: backreferencing OFF on input line 6078.
Package hyperref Info: Link coloring OFF on input line 6083.
Package hyperref Info: Link coloring with OCG OFF on input line 6088.
Package hyperref Info: PDF/A mode OFF on input line 6093.

(/usr/share/texlive/texmf-dist/tex/latex/base/atbegshi-ltx.sty
Package: atbegshi-ltx 2021/01/10 v1.0c Emulation of the original atbegshi
package with kernel methods
)
\Hy@abspage=\count272
\c@Item=\count273
\c@Hfootnote=\count274
)
Package hyperref Info: Driver (autodetected): hpdftex.

(/usr/share/texlive/texmf-dist/tex/latex/hyperref/hpdftex.def
File: hpdftex.def 2024-01-20 v7.01h Hyperref driver for pdfTeX

(/usr/share/texlive/texmf-dist/tex/latex/base/atveryend-ltx.sty
Package: atveryend-ltx 2020/08/19 v1.0a Emulation of the original atveryend pac
kage
with kernel methods
)
\Fld@listcount=\count275
\c@bookmark@seq@number=\count276

(/usr/share/texlive/texmf-dist/tex/latex/rerunfilecheck/rerunfilecheck.sty
Package: rerunfilecheck 2022-07-10 v1.10 Rerun checks for auxiliary files (HO)

(/usr/share/texlive/texmf-dist/tex/generic/uniquecounter/uniquecounter.sty
Package: uniquecounter 2019/12/15 v1.4 Provide unlimited unique counter (HO)
)
Package uniquecounter Info: New unique counter `rerunfilecheck' on input line 2
85.
)
\Hy@SectionHShift=\skip52
)
(/usr/share/texlive/texmf-dist/tex/latex/listings/listings.sty
\lst@mode=\count277
\lst@gtempboxa=\box52
\lst@token=\toks20
\lst@length=\count278
\lst@currlwidth=\dimen160
\lst@column=\count279
\lst@pos=\count280
\lst@lostspace=\dimen161
\lst@width=\dimen162
\lst@newlines=\count281
\lst@lineno=\count282
\lst@maxwidth=\dimen163

(/usr/share/texlive/texmf-dist/tex/latex/listings/lstmisc.sty
File: lstmisc.sty 2023/02/27 1.9 (Carsten Heinz)
\c@lstnumber=\count283
\lst@skipnumbers=\count284
\lst@framebox=\box53
)
(/usr/share/texlive/texmf-dist/tex/latex/listings/listings.cfg
File: listings.cfg 2023/02/27 1.9 listings configuration
))
Package: listings 2023/02/27 1.9 (Carsten Heinz)

(/usr/share/texlive/texmf-dist/tex/latex/xcolor/xcolor.sty
Package: xcolor 2023/11/15 v3.01 LaTeX color extensions (UK)

(/usr/share/texlive/texmf-dist/tex/latex/graphics-cfg/color.cfg
File: color.cfg 2016/01/02 v1.6 sample color configuration
)
Package xcolor Info: Driver file: pdftex.def on input line 274.

(/usr/share/texlive/texmf-dist/tex/latex/graphics/mathcolor.ltx)
Package xcolor Info: Model `cmy' substituted by `cmy0' on input line 1350.
Package xcolor Info: Model `hsb' substituted by `rgb' on input line 1354.
Package xcolor Info: Model `RGB' extended on input line 1366.
Package xcolor Info: Model `HTML' substituted by `rgb' on input line 1368.
Package xcolor Info: Model `Hsb' substituted by `hsb' on input line 1369.
Package xcolor Info: Model `tHsb' substituted by `hsb' on input line 1370.
Package xcolor Info: Model `HSB' substituted by `hsb' on input line 1371.
Package xcolor Info: Model `Gray' substituted by `gray' on input line 1372.
Package xcolor Info: Model `wave' substituted by `hsb' on input line 1373.
)
(/usr/share/texlive/texmf-dist/tex/latex/booktabs/booktabs.sty
Package: booktabs 2020/01/12 v1.61803398 Publication quality tables
\heavyrulewidth=\dimen164
\lightrulewidth=\dimen165
\cmidrulewidth=\dimen166
\belowrulesep=\dimen167
\belowbottomsep=\dimen168
\aboverulesep=\dimen169
\abovetopsep=\dimen170
\cmidrulesep=\dimen171
\cmidrulekern=\dimen172
\defaultaddspace=\dimen173
\@cmidla=\count285
\@cmidlb=\count286
\@aboverulesep=\dimen174
\@belowrulesep=\dimen175
\@thisruleclass=\count287
\@lastruleclass=\count288
\@thisrulewidth=\dimen176
)
(/usr/share/texlive/texmf-dist/tex/latex/tools/longtable.sty
Package: longtable 2023-11-01 v4.19 Multi-page Table package (DPC)
\LTleft=\skip53
\LTright=\skip54
\LTpre=\skip55
\LTpost=\skip56
\LTchunksize=\count289
\LTcapwidth=\dimen177
\LT@head=\box54
\LT@firsthead=\box55
\LT@foot=\box56
\LT@lastfoot=\box57
\LT@gbox=\box58
\LT@cols=\count290
\LT@rows=\count291
\c@LT@tables=\count292
\c@LT@chunks=\count293
\LT@p@ftn=\toks21
)
(/usr/share/texlive/texmf-dist/tex/latex/tools/array.sty
Package: array 2023/10/16 v2.5g Tabular extension package (FMi)
\col@sep=\dimen178
\ar@mcellbox=\box59
\extrarowheight=\dimen179
\NC@list=\toks22
\extratabsurround=\skip57
\backup@length=\skip58
\ar@cellbox=\box60
)
(/usr/share/texlive/texmf-dist/tex/latex/fancyhdr/fancyhdr.sty
Package: fancyhdr 2022/11/09 v4.1 Extensive control of page headers and footers

\f@nch@headwidth=\skip59
\f@nch@O@elh=\skip60
\f@nch@O@erh=\skip61
\f@nch@O@olh=\skip62
\f@nch@O@orh=\skip63
\f@nch@O@elf=\skip64
\f@nch@O@erf=\skip65
\f@nch@O@olf=\skip66
\f@nch@O@orf=\skip67
)
(/usr/share/texlive/texmf-dist/tex/latex/pgfgantt/pgfgantt.sty
Package: pgfgantt 2018/01/10 v5.0 Draw Gantt diagrams with TikZ

(/usr/share/texlive/texmf-dist/tex/latex/pgf/frontendlayer/tikz.sty
(/usr/share/texlive/texmf-dist/tex/latex/pgf/basiclayer/pgf.sty
(/usr/share/texlive/texmf-dist/tex/latex/pgf/utilities/pgfrcs.sty
(/usr/share/texlive/texmf-dist/tex/generic/pgf/utilities/pgfutil-common.tex
\pgfutil@everybye=\toks23
\pgfutil@tempdima=\dimen180
\pgfutil@tempdimb=\dimen181
)
(/usr/share/texlive/texmf-dist/tex/generic/pgf/utilities/pgfutil-latex.def
\pgfutil@abb=\box61
)
(/usr/share/texlive/texmf-dist/tex/generic/pgf/utilities/pgfrcs.code.tex
(/usr/share/texlive/texmf-dist/tex/generic/pgf/pgf.revision.tex)
Package: pgfrcs 2023-01-15 v3.1.10 (3.1.10)
))
Package: pgf 2023-01-15 v3.1.10 (3.1.10)

(/usr/share/texlive/texmf-dist/tex/latex/pgf/basiclayer/pgfcore.sty
(/usr/share/texlive/texmf-dist/tex/latex/pgf/systemlayer/pgfsys.sty
(/usr/share/texlive/texmf-dist/tex/generic/pgf/systemlayer/pgfsys.code.tex
Package: pgfsys 2023-01-15 v3.1.10 (3.1.10)

(/usr/share/texlive/texmf-dist/tex/generic/pgf/utilities/pgfkeys.code.tex
\pgfkeys@pathtoks=\toks24
\pgfkeys@temptoks=\toks25

(/usr/share/texlive/texmf-dist/tex/generic/pgf/utilities/pgfkeyslibraryfiltered
.code.tex
\pgfkeys@tmptoks=\toks26
))
\pgf@x=\dimen182
\pgf@y=\dimen183
\pgf@xa=\dimen184
\pgf@ya=\dimen185
\pgf@xb=\dimen186
\pgf@yb=\dimen187
\pgf@xc=\dimen188
\pgf@yc=\dimen189
\pgf@xd=\dimen190
\pgf@yd=\dimen191
\w@pgf@writea=\write3
\r@pgf@reada=\read2
\c@pgf@counta=\count294
\c@pgf@countb=\count295
\c@pgf@countc=\count296
\c@pgf@countd=\count297
\t@pgf@toka=\toks27
\t@pgf@tokb=\toks28
\t@pgf@tokc=\toks29
\pgf@sys@id@count=\count298
 (/usr/share/texlive/texmf-dist/tex/generic/pgf/systemlayer/pgf.cfg
File: pgf.cfg 2023-01-15 v3.1.10 (3.1.10)
)
Driver file for pgf: pgfsys-pdftex.def
(/usr/share/texlive/texmf-dist/tex/generic/pgf/systemlayer/pgfsys-pdftex.def
File: pgfsys-pdftex.def 2023-01-15 v3.1.10 (3.1.10)

(/usr/share/texlive/texmf-dist/tex/generic/pgf/systemlayer/pgfsys-common-pdf.de
f
File: pgfsys-common-pdf.def 2023-01-15 v3.1.10 (3.1.10)
)))
(/usr/share/texlive/texmf-dist/tex/generic/pgf/systemlayer/pgfsyssoftpath.code.
tex
File: pgfsyssoftpath.code.tex 2023-01-15 v3.1.10 (3.1.10)
\pgfsyssoftpath@smallbuffer@items=\count299
\pgfsyssoftpath@bigbuffer@items=\count300
)
(/usr/share/texlive/texmf-dist/tex/generic/pgf/systemlayer/pgfsysprotocol.code.
tex
File: pgfsysprotocol.code.tex 2023-01-15 v3.1.10 (3.1.10)
))
(/usr/share/texlive/texmf-dist/tex/generic/pgf/basiclayer/pgfcore.code.tex
Package: pgfcore 2023-01-15 v3.1.10 (3.1.10)

(/usr/share/texlive/texmf-dist/tex/generic/pgf/math/pgfmath.code.tex
(/usr/share/texlive/texmf-dist/tex/generic/pgf/math/pgfmathutil.code.tex)
(/usr/share/texlive/texmf-dist/tex/generic/pgf/math/pgfmathparser.code.tex
\pgfmath@dimen=\dimen192
\pgfmath@count=\count301
\pgfmath@box=\box62
\pgfmath@toks=\toks30
\pgfmath@stack@operand=\toks31
\pgfmath@stack@operation=\toks32
)
(/usr/share/texlive/texmf-dist/tex/generic/pgf/math/pgfmathfunctions.code.tex)
(/usr/share/texlive/texmf-dist/tex/generic/pgf/math/pgfmathfunctions.basic.code
.tex)
(/usr/share/texlive/texmf-dist/tex/generic/pgf/math/pgfmathfunctions.trigonomet
ric.code.tex)
(/usr/share/texlive/texmf-dist/tex/generic/pgf/math/pgfmathfunctions.random.cod
e.tex)
(/usr/share/texlive/texmf-dist/tex/generic/pgf/math/pgfmathfunctions.comparison
.code.tex)
(/usr/share/texlive/texmf-dist/tex/generic/pgf/math/pgfmathfunctions.base.code.
tex)
(/usr/share/texlive/texmf-dist/tex/generic/pgf/math/pgfmathfunctions.round.code
.tex)
(/usr/share/texlive/texmf-dist/tex/generic/pgf/math/pgfmathfunctions.misc.code.
tex)
(/usr/share/texlive/texmf-dist/tex/generic/pgf/math/pgfmathfunctions.integerari
thmetics.code.tex)
(/usr/share/texlive/texmf-dist/tex/generic/pgf/math/pgfmathcalc.code.tex)
(/usr/share/texlive/texmf-dist/tex/generic/pgf/math/pgfmathfloat.code.tex
\c@pgfmathroundto@lastzeros=\count302
))
(/usr/share/texlive/texmf-dist/tex/generic/pgf/math/pgfint.code.tex)
(/usr/share/texlive/texmf-dist/tex/generic/pgf/basiclayer/pgfcorepoints.code.te
x
File: pgfcorepoints.code.tex 2023-01-15 v3.1.10 (3.1.10)
\pgf@picminx=\dimen193
\pgf@picmaxx=\dimen194
\pgf@picminy=\dimen195
\pgf@picmaxy=\dimen196
\pgf@pathminx=\dimen197
\pgf@pathmaxx=\dimen198
\pgf@pathminy=\dimen199
\pgf@pathmaxy=\dimen256
\pgf@xx=\dimen257
\pgf@xy=\dimen258
\pgf@yx=\dimen259
\pgf@yy=\dimen260
\pgf@zx=\dimen261
\pgf@zy=\dimen262
)
(/usr/share/texlive/texmf-dist/tex/generic/pgf/basiclayer/pgfcorepathconstruct.
code.tex
File: pgfcorepathconstruct.code.tex 2023-01-15 v3.1.10 (3.1.10)
\pgf@path@lastx=\dimen263
\pgf@path@lasty=\dimen264
)
(/usr/share/texlive/texmf-dist/tex/generic/pgf/basiclayer/pgfcorepathusage.code
.tex
File: pgfcorepathusage.code.tex 2023-01-15 v3.1.10 (3.1.10)
\pgf@shorten@end@additional=\dimen265
\pgf@shorten@start@additional=\dimen266
)
(/usr/share/texlive/texmf-dist/tex/generic/pgf/basiclayer/pgfcorescopes.code.te
x
File: pgfcorescopes.code.tex 2023-01-15 v3.1.10 (3.1.10)
\pgfpic=\box63
\pgf@hbox=\box64
\pgf@layerbox@main=\box65
\pgf@picture@serial@count=\count303
)
(/usr/share/texlive/texmf-dist/tex/generic/pgf/basiclayer/pgfcoregraphicstate.c
ode.tex
File: pgfcoregraphicstate.code.tex 2023-01-15 v3.1.10 (3.1.10)
\pgflinewidth=\dimen267
)
(/usr/share/texlive/texmf-dist/tex/generic/pgf/basiclayer/pgfcoretransformation
s.code.tex
File: pgfcoretransformations.code.tex 2023-01-15 v3.1.10 (3.1.10)
\pgf@pt@x=\dimen268
\pgf@pt@y=\dimen269
\pgf@pt@temp=\dimen270
)
(/usr/share/texlive/texmf-dist/tex/generic/pgf/basiclayer/pgfcorequick.code.tex
File: pgfcorequick.code.tex 2023-01-15 v3.1.10 (3.1.10)
)
(/usr/share/texlive/texmf-dist/tex/generic/pgf/basiclayer/pgfcoreobjects.code.t
ex
File: pgfcoreobjects.code.tex 2023-01-15 v3.1.10 (3.1.10)
)
(/usr/share/texlive/texmf-dist/tex/generic/pgf/basiclayer/pgfcorepathprocessing
.code.tex
File: pgfcorepathprocessing.code.tex 2023-01-15 v3.1.10 (3.1.10)
)
(/usr/share/texlive/texmf-dist/tex/generic/pgf/basiclayer/pgfcorearrows.code.te
x
File: pgfcorearrows.code.tex 2023-01-15 v3.1.10 (3.1.10)
\pgfarrowsep=\dimen271
)
(/usr/share/texlive/texmf-dist/tex/generic/pgf/basiclayer/pgfcoreshade.code.tex
File: pgfcoreshade.code.tex 2023-01-15 v3.1.10 (3.1.10)
\pgf@max=\dimen272
\pgf@sys@shading@range@num=\count304
\pgf@shadingcount=\count305
)
(/usr/share/texlive/texmf-dist/tex/generic/pgf/basiclayer/pgfcoreimage.code.tex
File: pgfcoreimage.code.tex 2023-01-15 v3.1.10 (3.1.10)
)
(/usr/share/texlive/texmf-dist/tex/generic/pgf/basiclayer/pgfcoreexternal.code.
tex
File: pgfcoreexternal.code.tex 2023-01-15 v3.1.10 (3.1.10)
\pgfexternal@startupbox=\box66
)
(/usr/share/texlive/texmf-dist/tex/generic/pgf/basiclayer/pgfcorelayers.code.te
x
File: pgfcorelayers.code.tex 2023-01-15 v3.1.10 (3.1.10)
)
(/usr/share/texlive/texmf-dist/tex/generic/pgf/basiclayer/pgfcoretransparency.c
ode.tex
File: pgfcoretransparency.code.tex 2023-01-15 v3.1.10 (3.1.10)
)
(/usr/share/texlive/texmf-dist/tex/generic/pgf/basiclayer/pgfcorepatterns.code.
tex
File: pgfcorepatterns.code.tex 2023-01-15 v3.1.10 (3.1.10)
)
(/usr/share/texlive/texmf-dist/tex/generic/pgf/basiclayer/pgfcorerdf.code.tex
File: pgfcorerdf.code.tex 2023-01-15 v3.1.10 (3.1.10)
)))
(/usr/share/texlive/texmf-dist/tex/generic/pgf/modules/pgfmoduleshapes.code.tex
File: pgfmoduleshapes.code.tex 2023-01-15 v3.1.10 (3.1.10)
\pgfnodeparttextbox=\box67
) (/usr/share/texlive/texmf-dist/tex/generic/pgf/modules/pgfmoduleplot.code.tex
File: pgfmoduleplot.code.tex 2023-01-15 v3.1.10 (3.1.10)
)
(/usr/share/texlive/texmf-dist/tex/latex/pgf/compatibility/pgfcomp-version-0-65
.sty
Package: pgfcomp-version-0-65 2023-01-15 v3.1.10 (3.1.10)
\pgf@nodesepstart=\dimen273
\pgf@nodesepend=\dimen274
)
(/usr/share/texlive/texmf-dist/tex/latex/pgf/compatibility/pgfcomp-version-1-18
.sty
Package: pgfcomp-version-1-18 2023-01-15 v3.1.10 (3.1.10)
)) (/usr/share/texlive/texmf-dist/tex/latex/pgf/utilities/pgffor.sty
(/usr/share/texlive/texmf-dist/tex/latex/pgf/utilities/pgfkeys.sty
(/usr/share/texlive/texmf-dist/tex/generic/pgf/utilities/pgfkeys.code.tex))
(/usr/share/texlive/texmf-dist/tex/latex/pgf/math/pgfmath.sty
(/usr/share/texlive/texmf-dist/tex/generic/pgf/math/pgfmath.code.tex))
(/usr/share/texlive/texmf-dist/tex/generic/pgf/utilities/pgffor.code.tex
Package: pgffor 2023-01-15 v3.1.10 (3.1.10)
\pgffor@iter=\dimen275
\pgffor@skip=\dimen276
\pgffor@stack=\toks33
\pgffor@toks=\toks34
))
(/usr/share/texlive/texmf-dist/tex/generic/pgf/frontendlayer/tikz/tikz.code.tex
Package: tikz 2023-01-15 v3.1.10 (3.1.10)

(/usr/share/texlive/texmf-dist/tex/generic/pgf/libraries/pgflibraryplothandlers
.code.tex
File: pgflibraryplothandlers.code.tex 2023-01-15 v3.1.10 (3.1.10)
\pgf@plot@mark@count=\count306
\pgfplotmarksize=\dimen277
)
\tikz@lastx=\dimen278
\tikz@lasty=\dimen279
\tikz@lastxsaved=\dimen280
\tikz@lastysaved=\dimen281
\tikz@lastmovetox=\dimen282
\tikz@lastmovetoy=\dimen283
\tikzleveldistance=\dimen284
\tikzsiblingdistance=\dimen285
\tikz@figbox=\box68
\tikz@figbox@bg=\box69
\tikz@tempbox=\box70
\tikz@tempbox@bg=\box71
\tikztreelevel=\count307
\tikznumberofchildren=\count308
\tikznumberofcurrentchild=\count309
\tikz@fig@count=\count310

(/usr/share/texlive/texmf-dist/tex/generic/pgf/modules/pgfmodulematrix.code.tex
File: pgfmodulematrix.code.tex 2023-01-15 v3.1.10 (3.1.10)
\pgfmatrixcurrentrow=\count311
\pgfmatrixcurrentcolumn=\count312
\pgf@matrix@numberofcolumns=\count313
)
\tikz@expandcount=\count314

(/usr/share/texlive/texmf-dist/tex/generic/pgf/frontendlayer/tikz/libraries/tik
zlibrarytopaths.code.tex
File: tikzlibrarytopaths.code.tex 2023-01-15 v3.1.10 (3.1.10)
)))
(/usr/share/texlive/texmf-dist/tex/generic/pgf/frontendlayer/tikz/libraries/tik
zlibraryarrows.code.tex
File: tikzlibraryarrows.code.tex 2023-01-15 v3.1.10 (3.1.10)

(/usr/share/texlive/texmf-dist/tex/generic/pgf/libraries/pgflibraryarrows.code.
tex
File: pgflibraryarrows.code.tex 2023-01-15 v3.1.10 (3.1.10)
\arrowsize=\dimen286
))
(/usr/share/texlive/texmf-dist/tex/generic/pgf/frontendlayer/tikz/libraries/tik
zlibrarybackgrounds.code.tex
File: tikzlibrarybackgrounds.code.tex 2023-01-15 v3.1.10 (3.1.10)
\pgf@layerbox@background=\box72
\pgf@layerboxsaved@background=\box73
)
(/usr/share/texlive/texmf-dist/tex/generic/pgf/frontendlayer/tikz/libraries/tik
zlibrarycalc.code.tex
File: tikzlibrarycalc.code.tex 2023-01-15 v3.1.10 (3.1.10)
)
(/usr/share/texlive/texmf-dist/tex/generic/pgf/frontendlayer/tikz/libraries/tik
zlibrarypatterns.code.tex
File: tikzlibrarypatterns.code.tex 2023-01-15 v3.1.10 (3.1.10)

(/usr/share/texlive/texmf-dist/tex/generic/pgf/libraries/pgflibrarypatterns.cod
e.tex
File: pgflibrarypatterns.code.tex 2023-01-15 v3.1.10 (3.1.10)
))
(/usr/share/texlive/texmf-dist/tex/generic/pgf/frontendlayer/tikz/libraries/tik
zlibrarypositioning.code.tex
File: tikzlibrarypositioning.code.tex 2023-01-15 v3.1.10 (3.1.10)
)
(/usr/share/texlive/texmf-dist/tex/generic/pgf/frontendlayer/tikz/libraries/tik
zlibraryshapes.geometric.code.tex
File: tikzlibraryshapes.geometric.code.tex 2023-01-15 v3.1.10 (3.1.10)

(/usr/share/texlive/texmf-dist/tex/generic/pgf/libraries/shapes/pgflibraryshape
s.geometric.code.tex
File: pgflibraryshapes.geometric.code.tex 2023-01-15 v3.1.10 (3.1.10)
))
(/usr/share/texlive/texmf-dist/tex/latex/pgf/utilities/pgfcalendar.sty
(/usr/share/texlive/texmf-dist/tex/generic/pgf/utilities/pgfcalendar.code.tex
File: pgfcalendar.code.tex 2023-01-15 v3.1.10 (3.1.10)
\pgfcalendarcurrentjulian=\count315
\pgf@cal@easter@Y=\count316
\pgf@cal@easter@G=\count317
\pgf@cal@easter@C=\count318
\pgf@cal@easter@X=\count319
\pgf@cal@easter@Z=\count320
\pgf@cal@easter@D=\count321
\pgf@cal@easter@E=\count322
\pgf@cal@easter@N=\count323
\pgf@cal@easter@M=\count324
\pgf@cal@easter@julianday=\count325
))
\gtt@currentline=\count326
\gtt@lasttitleline=\count327
\gtt@currgrid=\count328
\gtt@chartwidth=\count329
\gtt@lasttitleslot=\count330
\gtt@elementid=\count331
\gtt@today@slot=\count332
\gtt@startjulian=\count333
\gtt@endjulian=\count334
\gtt@chartid=\count335
\gtt@vrule@slot=\count336
\gtt@calendar@slots=\count337
\gtt@calendar@weeknumber=\count338
\gtt@calendar@startofweek=\count339
\gtt@left@slot=\count340
\gtt@right@slot=\count341
)
(/usr/share/texlive/texmf-dist/tex/generic/pgf/libraries/pgflibraryarrows.meta.
code.tex
File: pgflibraryarrows.meta.code.tex 2023-01-15 v3.1.10 (3.1.10)
\pgfarrowinset=\dimen287
\pgfarrowlength=\dimen288
\pgfarrowwidth=\dimen289
\pgfarrowlinewidth=\dimen290
) (/usr/share/texlive/texmf-dist/tex/latex/caption/caption.sty
Package: caption 2023/08/05 v3.6o Customizing captions (AR)

(/usr/share/texlive/texmf-dist/tex/latex/caption/caption3.sty
Package: caption3 2023/07/31 v2.4d caption3 kernel (AR)
\caption@tempdima=\dimen291
\captionmargin=\dimen292
\caption@leftmargin=\dimen293
\caption@rightmargin=\dimen294
\caption@width=\dimen295
\caption@indent=\dimen296
\caption@parindent=\dimen297
\caption@hangindent=\dimen298
Package caption Info: Standard document class detected.
)
\c@caption@flags=\count342
\c@continuedfloat=\count343
Package caption Info: hyperref package is loaded.
Package caption Info: listings package is loaded.
Package caption Info: longtable package is loaded.

(/usr/share/texlive/texmf-dist/tex/latex/caption/ltcaption.sty
Package: ltcaption 2021/01/08 v1.4c longtable captions (AR)
))
(/usr/share/texlive/texmf-dist/tex/latex/float/float.sty
Package: float 2001/11/08 v1.3d Float enhancements (AL)
\c@float@type=\count344
\float@exts=\toks35
\float@box=\box74
\@float@everytoks=\toks36
\@floatcapt=\box75
)
(/usr/share/texlive/texmf-dist/tex/latex/ragged2e/ragged2e.sty
Package: ragged2e 2023/06/22 v3.6 ragged2e Package
\CenteringLeftskip=\skip68
\RaggedLeftLeftskip=\skip69
\RaggedRightLeftskip=\skip70
\CenteringRightskip=\skip71
\RaggedLeftRightskip=\skip72
\RaggedRightRightskip=\skip73
\CenteringParfillskip=\skip74
\RaggedLeftParfillskip=\skip75
\RaggedRightParfillskip=\skip76
\JustifyingParfillskip=\skip77
\CenteringParindent=\skip78
\RaggedLeftParindent=\skip79
\RaggedRightParindent=\skip80
\JustifyingParindent=\skip81
)
(/usr/share/texlive/texmf-dist/tex/latex/enumitem/enumitem.sty
Package: enumitem 2019/06/20 v3.9 Customized lists
\labelindent=\skip82
\enit@outerparindent=\dimen299
\enit@toks=\toks37
\enit@inbox=\box76
\enit@count@id=\count345
\enitdp@description=\count346
)
(/usr/share/texlive/texmf-dist/tex/latex/needspace/needspace.sty
Package: needspace 2010/09/12 v1.3d reserve vertical space
)
(/usr/share/texlive/texmf-dist/tex/latex/eso-pic/eso-pic.sty
Package: eso-pic 2023/05/03 v3.0c eso-pic (RN)
\ESO@tempdima=\dimen300
\ESO@tempdimb=\dimen301
)
(/usr/share/texlive/texmf-dist/tex/latex/tikzpagenodes/tikzpagenodes.sty
Package: tikzpagenodes 2012/09/16 v1.1 Special PGF/TikZ nodes for areas of the 
page

(/usr/share/texlive/texmf-dist/tex/latex/ifoddpage/ifoddpage.sty
Package: ifoddpage 2022/10/18 v1.2 Conditionals for odd/even page detection
\c@checkoddpage=\count347
))
Package hyperref Info: Option `colorlinks' set `true' on input line 162.
LaTeX Font Info:    Trying to load font information for OT1+ptm on input line 1
71.

(/usr/share/texlive/texmf-dist/tex/latex/psnfss/ot1ptm.fd
File: ot1ptm.fd 2001/06/04 font definitions for OT1/ptm.
)
(/usr/share/texlive/texmf-dist/tex/latex/l3backend/l3backend-pdftex.def
File: l3backend-pdftex.def 2024-01-04 L3 backend support: PDF output (pdfTeX)
\l__color_backend_stack_int=\count348
\l__pdf_internal_box=\box77
)
(./main.aux)
\openout1 = `main.aux'.

LaTeX Font Info:    Checking defaults for OML/cmm/m/it on input line 171.
LaTeX Font Info:    ... okay on input line 171.
LaTeX Font Info:    Checking defaults for OMS/cmsy/m/n on input line 171.
LaTeX Font Info:    ... okay on input line 171.
LaTeX Font Info:    Checking defaults for OT1/cmr/m/n on input line 171.
LaTeX Font Info:    ... okay on input line 171.
LaTeX Font Info:    Checking defaults for T1/cmr/m/n on input line 171.
LaTeX Font Info:    ... okay on input line 171.
LaTeX Font Info:    Checking defaults for TS1/cmr/m/n on input line 171.
LaTeX Font Info:    ... okay on input line 171.
LaTeX Font Info:    Checking defaults for OMX/cmex/m/n on input line 171.
LaTeX Font Info:    ... okay on input line 171.
LaTeX Font Info:    Checking defaults for U/cmr/m/n on input line 171.
LaTeX Font Info:    ... okay on input line 171.
LaTeX Font Info:    Checking defaults for PD1/pdf/m/n on input line 171.
LaTeX Font Info:    ... okay on input line 171.
LaTeX Font Info:    Checking defaults for PU/pdf/m/n on input line 171.
LaTeX Font Info:    ... okay on input line 171.

*geometry* driver: auto-detecting
*geometry* detected driver: pdftex
*geometry* verbose mode - [ preamble ] result:
* driver: pdftex
* paper: a4paper
* layout: <same size as paper>
* layoutoffset:(h,v)=(0.0pt,0.0pt)
* modes: 
* h-part:(L,W,R)=(72.26999pt, 452.9679pt, 72.26999pt)
* v-part:(T,H,B)=(72.26999pt, 714.96065pt, 57.81621pt)
* \paperwidth=597.50787pt
* \paperheight=845.04684pt
* \textwidth=452.9679pt
* \textheight=714.96065pt
* \oddsidemargin=0.0pt
* \evensidemargin=0.0pt
* \topmargin=-37.0pt
* \headheight=15.0pt
* \headsep=25.0pt
* \topskip=12.0pt
* \footskip=30.0pt
* \marginparwidth=35.0pt
* \marginparsep=10.0pt
* \columnsep=10.0pt
* \skip\footins=10.8pt plus 4.0pt minus 2.0pt
* \hoffset=0.0pt
* \voffset=0.0pt
* \mag=1000
* \@twocolumnfalse
* \@twosidefalse
* \@mparswitchfalse
* \@reversemarginfalse
* (1in=72.27pt=25.4mm, 1cm=28.453pt)

\big@size=\dimen302
(/usr/share/texlive/texmf-dist/tex/context/base/mkii/supp-pdf.mkii
[Loading MPS to PDF converter (version 2006.09.02).]
\scratchcounter=\count349
\scratchdimen=\dimen303
\scratchbox=\box78
\nofMPsegments=\count350
\nofMParguments=\count351
\everyMPshowfont=\toks38
\MPscratchCnt=\count352
\MPscratchDim=\dimen304
\MPnumerator=\count353
\makeMPintoPDFobject=\count354
\everyMPtoPDFconversion=\toks39
) (/usr/share/texlive/texmf-dist/tex/latex/epstopdf-pkg/epstopdf-base.sty
Package: epstopdf-base 2020-01-24 v2.11 Base part for package epstopdf
Package epstopdf-base Info: Redefining graphics rule for `.eps' on input line 4
85.

(/usr/share/texlive/texmf-dist/tex/latex/latexconfig/epstopdf-sys.cfg
File: epstopdf-sys.cfg 2010/07/13 v1.3 Configuration of (r)epstopdf for TeX Liv
e
))
Package hyperref Info: Link coloring ON on input line 171.

(./main.out) (./main.out)
\@outlinefile=\write4
\openout4 = `main.out'.

\c@lstlisting=\count355
Package caption Info: Begin \AtBeginDocument code.
Package caption Info: float package is loaded.
Package caption Info: End \AtBeginDocument code.
 (./main.toc
LaTeX Font Info:    Trying to load font information for OT1+ztmcm on input line
 3.

(/usr/share/texlive/texmf-dist/tex/latex/psnfss/ot1ztmcm.fd
File: ot1ztmcm.fd 2000/01/03 Fontinst v1.801 font definitions for OT1/ztmcm.
)
LaTeX Font Info:    Trying to load font information for OML+ztmcm on input line
 3.

(/usr/share/texlive/texmf-dist/tex/latex/psnfss/omlztmcm.fd
File: omlztmcm.fd 2000/01/03 Fontinst v1.801 font definitions for OML/ztmcm.
)
LaTeX Font Info:    Trying to load font information for OMS+ztmcm on input line
 3.

(/usr/share/texlive/texmf-dist/tex/latex/psnfss/omsztmcm.fd
File: omsztmcm.fd 2000/01/03 Fontinst v1.801 font definitions for OMS/ztmcm.
)
LaTeX Font Info:    Trying to load font information for OMX+ztmcm on input line
 3.

(/usr/share/texlive/texmf-dist/tex/latex/psnfss/omxztmcm.fd
File: omxztmcm.fd 2000/01/03 Fontinst v1.801 font definitions for OMX/ztmcm.
)
LaTeX Font Info:    Font shape `OT1/ptm/bx/n' in size <12> not available
(Font)              Font shape `OT1/ptm/b/n' tried instead on input line 3.
LaTeX Font Info:    Font shape `OT1/ptm/bx/n' in size <9> not available
(Font)              Font shape `OT1/ptm/b/n' tried instead on input line 3.
LaTeX Font Info:    Font shape `OT1/ptm/bx/n' in size <7> not available
(Font)              Font shape `OT1/ptm/b/n' tried instead on input line 3.
)
\tf@toc=\write5
\openout5 = `main.toc'.

 (./main.lof)
\tf@lof=\write6
\openout6 = `main.lof'.


(./main.lot)
\tf@lot=\write7
\openout7 = `main.lot'.

 [1{/var/lib/texmf/fonts/map/pdftex/updmap/pdftex.map}{/usr/share/texlive/texmf
-dist/fonts/enc/dvips/base/8r.enc}


]
Overfull \hbox (11.42339pt too wide) in paragraph at lines 211--231
 [] 
 []

[2]
LaTeX Font Info:    Font shape `OT1/ptm/bx/n' in size <8> not available
(Font)              Font shape `OT1/ptm/b/n' tried instead on input line 242.
LaTeX Font Info:    Font shape `OT1/ptm/bx/n' in size <6> not available
(Font)              Font shape `OT1/ptm/b/n' tried instead on input line 242.
LaTeX Font Info:    Font shape `OT1/ptm/bx/n' in size <5> not available
(Font)              Font shape `OT1/ptm/b/n' tried instead on input line 242.
 [3

]
Overfull \hbox (11.42339pt too wide) in paragraph at lines 299--318
 [] 
 []

[4

]
<../6c901521-fcfe-4700-8635-eb6cf4a7b2f8-removebg-preview.png, id=433, 469.755p
t x 491.8375pt>
File: ../6c901521-fcfe-4700-8635-eb6cf4a7b2f8-removebg-preview.png Graphic file
 (type png)
<use ../6c901521-fcfe-4700-8635-eb6cf4a7b2f8-removebg-preview.png>
Package pdftex.def Info: ../6c901521-fcfe-4700-8635-eb6cf4a7b2f8-removebg-previ
ew.png  used on input line 332.
(pdftex.def)             Requested size: 416.72963pt x 436.31558pt.
 [1


 <../6c901521-fcfe-4700-8635-eb6cf4a7b2f8-removebg-preview.png>] [2

]
[3] [4]
File: ../6c901521-fcfe-4700-8635-eb6cf4a7b2f8-removebg-preview.png Graphic file
 (type png)
<use ../6c901521-fcfe-4700-8635-eb6cf4a7b2f8-removebg-preview.png>
Package pdftex.def Info: ../6c901521-fcfe-4700-8635-eb6cf4a7b2f8-removebg-previ
ew.png  used on input line 400.
(pdftex.def)             Requested size: 416.72963pt x 436.31558pt.
 [5

] [6

] [7]
File: ../6c901521-fcfe-4700-8635-eb6cf4a7b2f8-removebg-preview.png Graphic file
 (type png)
<use ../6c901521-fcfe-4700-8635-eb6cf4a7b2f8-removebg-preview.png>
Package pdftex.def Info: ../6c901521-fcfe-4700-8635-eb6cf4a7b2f8-removebg-previ
ew.png  used on input line 473.
(pdftex.def)             Requested size: 416.72963pt x 436.31558pt.
 [8

] [9

]
Overfull \hbox (2.5245pt too wide) in paragraph at lines 509--510
\OT1/ptm/m/n/12 with cryp-to-graph-i-cally se-cured pay-ment ver-i-fi-ca-tion (
via Ra-zor-pay HMAC-SHA256 web-hooks)
 []

[10] [11] [12]
Underfull \hbox (badness 10000) in paragraph at lines 559--559
[]|\OT1/ptm/b/n/12 Platform /
 []


Underfull \hbox (badness 10000) in paragraph at lines 559--559
[]|\OT1/ptm/b/n/12 Real-
 []


Underfull \hbox (badness 10000) in paragraph at lines 559--559
\OT1/ptm/b/n/12 time
 []


Underfull \hbox (badness 10000) in paragraph at lines 559--559
\OT1/ptm/b/n/12 Track-
 []


Underfull \hbox (badness 10000) in paragraph at lines 559--559
[]|\OT1/ptm/b/n/12 Digital
 []


Underfull \hbox (badness 10000) in paragraph at lines 559--559
\OT1/ptm/b/n/12 Mar-ket-
 []


Overfull \hbox (5.37009pt too wide) in paragraph at lines 559--559
[]|\OT1/ptm/b/n/12 Payment
 []


Underfull \hbox (badness 10000) in paragraph at lines 559--559
\OT1/ptm/b/n/12 In-te-
 []


Underfull \hbox (badness 10000) in paragraph at lines 559--559
[]|\OT1/ptm/b/n/12 AI
 []


Underfull \hbox (badness 10000) in paragraph at lines 559--559
\OT1/ptm/b/n/12 Clas-si-
 []


Underfull \hbox (badness 10000) in paragraph at lines 559--559
[]|\OT1/ptm/b/n/12 Carbon
 []


Overfull \hbox (26.83763pt too wide) in paragraph at lines 559--560
[]|\OT1/ptm/b/n/12 Gamification| 
 []


Underfull \hbox (badness 10000) in paragraph at lines 561--561
[]|\OT1/ptm/m/n/12 Kisan Su-vidha
 []


Underfull \hbox (badness 6775) in paragraph at lines 567--567
[]|\OT1/ptm/m/n/12 Kamran et al.
 []


Underfull \hbox (badness 3884) in paragraph at lines 571--571
[]|\OT1/ptm/m/n/12 Agarwal et al.
 []


Underfull \hbox (badness 10000) in paragraph at lines 573--573
[]|\OT1/ptm/b/n/12 AgriTrace
 []

[13]
Overfull \hbox (0.14545pt too wide) in paragraph at lines 586--587
[]\OT1/ptm/m/n/12 Integrating Google Genkit AI for open-set waste clas-si-fi-ca
-tion ac-ces-si-ble to non-technical
 []


Overfull \hbox (1.22595pt too wide) in paragraph at lines 587--588
[]\OT1/ptm/m/n/12 Computing car-bon credit es-ti-mates us-ing es-tab-lished emi
s-sion fac-tors from peer-reviewed
 []

[14]
File: ../6c901521-fcfe-4700-8635-eb6cf4a7b2f8-removebg-preview.png Graphic file
 (type png)
<use ../6c901521-fcfe-4700-8635-eb6cf4a7b2f8-removebg-preview.png>
Package pdftex.def Info: ../6c901521-fcfe-4700-8635-eb6cf4a7b2f8-removebg-previ
ew.png  used on input line 598.
(pdftex.def)             Requested size: 416.72963pt x 436.31558pt.
 [15

] [16

] [17]
File: ../6c901521-fcfe-4700-8635-eb6cf4a7b2f8-removebg-preview.png Graphic file
 (type png)
<use ../6c901521-fcfe-4700-8635-eb6cf4a7b2f8-removebg-preview.png>
Package pdftex.def Info: ../6c901521-fcfe-4700-8635-eb6cf4a7b2f8-removebg-previ
ew.png  used on input line 651.
(pdftex.def)             Requested size: 416.72963pt x 436.31558pt.
 [18

] [19

]
Underfull \hbox (badness 10000) in paragraph at lines 733--733
[]|\OT1/ptm/m/n/12 FR-
 []


Underfull \hbox (badness 10000) in paragraph at lines 735--735
[]|\OT1/ptm/m/n/12 FR-
 []


Underfull \hbox (badness 10000) in paragraph at lines 737--737
[]|\OT1/ptm/m/n/12 FR-
 []


Underfull \hbox (badness 10000) in paragraph at lines 739--739
[]|\OT1/ptm/m/n/12 FR-
 []


Underfull \hbox (badness 1681) in paragraph at lines 739--739
[]|\OT1/ptm/m/n/12 Waste List-ing Cre-
 []


Underfull \hbox (badness 10000) in paragraph at lines 741--741
[]|\OT1/ptm/m/n/12 FR-
 []


Underfull \hbox (badness 10000) in paragraph at lines 743--743
[]|\OT1/ptm/m/n/12 FR-
 []


Underfull \hbox (badness 10000) in paragraph at lines 745--745
[]|\OT1/ptm/m/n/12 FR-
 []


Underfull \hbox (badness 10000) in paragraph at lines 747--747
[]|\OT1/ptm/m/n/12 FR-
 []


Underfull \hbox (badness 10000) in paragraph at lines 749--749
[]|\OT1/ptm/m/n/12 FR-
 []


Underfull \hbox (badness 1264) in paragraph at lines 749--749
\OT1/ptm/m/n/12 cess-ing pay-ments be-tween buy-ers and
 []


Underfull \hbox (badness 10000) in paragraph at lines 751--751
[]|\OT1/ptm/m/n/12 FR-
 []


Underfull \hbox (badness 2913) in paragraph at lines 751--751
[]|\OT1/ptm/m/n/12 System shall cal-cu-late car-bon off-sets
 []


Underfull \hbox (badness 10000) in paragraph at lines 753--753
[]|\OT1/ptm/m/n/12 FR-
 []


Underfull \hbox (badness 10000) in paragraph at lines 755--755
[]|\OT1/ptm/m/n/12 FR-
 []


Underfull \hbox (badness 10000) in paragraph at lines 757--757
[]|\OT1/ptm/m/n/12 FR-
 []


Underfull \hbox (badness 1205) in paragraph at lines 757--757
[]|\OT1/ptm/m/n/12 System shall cap-ture GPS co-or-di-nates
 []


Underfull \hbox (badness 10000) in paragraph at lines 759--759
[]|\OT1/ptm/m/n/12 FR-
 []


Underfull \hbox (badness 10000) in paragraph at lines 761--761
[]|\OT1/ptm/m/n/12 FR-
 []


Underfull \hbox (badness 10000) in paragraph at lines 763--763
[]|\OT1/ptm/m/n/12 FR-
 []


Underfull \hbox (badness 10000) in paragraph at lines 765--765
[]|\OT1/ptm/m/n/12 FR-
 []


Underfull \hbox (badness 10000) in paragraph at lines 767--767
[]|\OT1/ptm/m/n/12 FR-
 []

[20]
Underfull \hbox (badness 10000) in paragraph at lines 785--785
[]|\OT1/ptm/m/n/12 NF-
 []


Underfull \hbox (badness 10000) in paragraph at lines 787--787
[]|\OT1/ptm/m/n/12 NF-
 []


Underfull \hbox (badness 10000) in paragraph at lines 789--789
[]|\OT1/ptm/m/n/12 NF-
 []


Underfull \hbox (badness 10000) in paragraph at lines 791--791
[]|\OT1/ptm/m/n/12 NF-
 []


Underfull \hbox (badness 10000) in paragraph at lines 793--793
[]|\OT1/ptm/m/n/12 NF-
 []


Underfull \hbox (badness 10000) in paragraph at lines 795--795
[]|\OT1/ptm/m/n/12 NF-
 []


Underfull \hbox (badness 10000) in paragraph at lines 797--797
[]|\OT1/ptm/m/n/12 NF-
 []


Underfull \hbox (badness 10000) in paragraph at lines 799--799
[]|\OT1/ptm/m/n/12 NF-
 []


Underfull \hbox (badness 1163) in paragraph at lines 799--799
[]|\OT1/ptm/m/n/12 Firestore trans-ac-tions shall en-sure atom-ic-ity
 []


Underfull \hbox (badness 10000) in paragraph at lines 801--801
[]|\OT1/ptm/m/n/12 NF-
 []


Underfull \hbox (badness 10000) in paragraph at lines 803--803
[]|\OT1/ptm/m/n/12 NF-
 []


Underfull \hbox (badness 1442) in paragraph at lines 803--803
\OT1/ptm/m/n/12 la-bels and key-board nav-i-ga-tion sup-port via
 []

[21] [22]
File: ../6c901521-fcfe-4700-8635-eb6cf4a7b2f8-removebg-preview.png Graphic file
 (type png)
<use ../6c901521-fcfe-4700-8635-eb6cf4a7b2f8-removebg-preview.png>
Package pdftex.def Info: ../6c901521-fcfe-4700-8635-eb6cf4a7b2f8-removebg-previ
ew.png  used on input line 814.
(pdftex.def)             Requested size: 416.72963pt x 436.31558pt.
 [23

] [24

]
(/usr/share/texlive/texmf-dist/tex/latex/listings/lstlang1.sty
File: lstlang1.sty 2023/02/27 1.9 listings language file
)
Package hyperref Info: bookmark level for unknown lstlisting defaults to 0 on i
nput line 868.
LaTeX Font Info:    Font shape `OT1/cmtt/bx/n' in size <10.95> not available
(Font)              Font shape `OT1/cmtt/m/n' tried instead on input line 869.
 [25]
Underfull \hbox (badness 7504) in paragraph at lines 912--913
[]|\OT1/ptm/m/n/12 Firebase project man-age-ment
 []

[26]
File: ../6c901521-fcfe-4700-8635-eb6cf4a7b2f8-removebg-preview.png Graphic file
 (type png)
<use ../6c901521-fcfe-4700-8635-eb6cf4a7b2f8-removebg-preview.png>
Package pdftex.def Info: ../6c901521-fcfe-4700-8635-eb6cf4a7b2f8-removebg-previ
ew.png  used on input line 930.
(pdftex.def)             Requested size: 416.72963pt x 436.31558pt.
 [27

] [28

] [29

] [30

] [31

] [32

]

Package pgf Warning: Returning node center instead of a point on node border. D
id you specify a point identical to the center of node ``a2''? on input line 11
23.

[33

]
Underfull \hbox (badness 2582) in paragraph at lines 1196--1197
[]|\OT1/ptm/m/n/12 Firebase Auth UID (doc-u-
 []


Underfull \hbox (badness 10000) in paragraph at lines 1230--1231
[]|\OT1/ptm/m/n/12 Waste type (Rice Husk,
 []


Underfull \hbox (badness 1082) in paragraph at lines 1238--1239
[]|\OT1/ptm/m/n/12 Array of Cloud-i-nary im-age
 []


Underfull \hbox (badness 6125) in paragraph at lines 1240--1241
[]|\OT1/ptm/m/n/12 Reference to seller's user
 []


Underfull \hbox (badness 10000) in paragraph at lines 1242--1243
[]|\OT1/ptm/m/n/12 Seller's email for quick
 []


Underfull \hbox (badness 10000) in paragraph at lines 1244--1245
[]|\OT1/ptm/m/n/12 OPEN, AS-SIGNED,
 []


Underfull \hbox (badness 10000) in paragraph at lines 1244--1245
\OT1/ptm/m/n/12 IN[]TRANSIT, DE-LIV-
 []


Overfull \hbox (13.96452pt too wide) in paragraph at lines 1248--1248
[]|\OT1/ptm/m/n/12 assignedAgentEmail| 
 []


Overfull \hbox (13.96452pt too wide) in paragraph at lines 1252--1252
[]|\OT1/ptm/m/n/12 assignedAgentEmail| 
 []

[34

]
Underfull \hbox (badness 5231) in paragraph at lines 1278--1279
[]|\OT1/ptm/m/n/12 Reference to buyer's user
 []


Underfull \hbox (badness 6125) in paragraph at lines 1280--1281
[]|\OT1/ptm/m/n/12 Reference to seller's user
 []

[35] [36] [37] [38]
File: ../6c901521-fcfe-4700-8635-eb6cf4a7b2f8-removebg-preview.png Graphic file
 (type png)
<use ../6c901521-fcfe-4700-8635-eb6cf4a7b2f8-removebg-preview.png>
Package pdftex.def Info: ../6c901521-fcfe-4700-8635-eb6cf4a7b2f8-removebg-previ
ew.png  used on input line 1364.
(pdftex.def)             Requested size: 416.72963pt x 436.31558pt.
 [39

] [40

] [41] [42]
Overfull \hbox (14.15565pt too wide) in paragraph at lines 1505--1506
\OT1/ptm/m/n/12 grams per met-ric tonne. The \OT1/cmtt/m/n/12 calculateCarbonOf
fset \OT1/ptm/m/n/12 func-tion pro-vides a sim-ple multiplication-
 []

[43] [44] [45] [46]
LaTeX Font Info:    Trying to load font information for TS1+cmtt on input line 
1654.
 (/usr/share/texlive/texmf-dist/tex/latex/base/ts1cmtt.fd
File: ts1cmtt.fd 2023/04/13 v2.5m Standard LaTeX font definitions
)
[47] [48]
Overfull \hbox (54.22151pt too wide) in paragraph at lines 1733--1734
\OT1/ptm/m/n/12 Notifications are stored as Fire-store doc-u-ments, en-abling r
eal-time syn-chro-niza-tion. The \OT1/cmtt/m/n/12 getUnreadCount
 []

[49] [50] [51] [52] [53] [54] [55] [56] [57]
File: ../6c901521-fcfe-4700-8635-eb6cf4a7b2f8-removebg-preview.png Graphic file
 (type png)
<use ../6c901521-fcfe-4700-8635-eb6cf4a7b2f8-removebg-preview.png>
Package pdftex.def Info: ../6c901521-fcfe-4700-8635-eb6cf4a7b2f8-removebg-previ
ew.png  used on input line 2072.
(pdftex.def)             Requested size: 416.72963pt x 436.31558pt.
 [58


]
<images/output-landing-new.png, id=1430, 2569.6pt x 1606.0pt>
File: images/output-landing-new.png Graphic file (type png)
<use images/output-landing-new.png>
Package pdftex.def Info: images/output-landing-new.png  used on input line 2080
.
(pdftex.def)             Requested size: 416.72963pt x 260.44504pt.
<images/output-features-new.png, id=1431, 2569.6pt x 1606.0pt>
File: images/output-features-new.png Graphic file (type png)
<use images/output-features-new.png>
Package pdftex.def Info: images/output-features-new.png  used on input line 208
1.
(pdftex.def)             Requested size: 416.72963pt x 260.44504pt.
<images/output-login-new.png, id=1432, 2569.6pt x 1606.0pt>
File: images/output-login-new.png Graphic file (type png)
<use images/output-login-new.png>
Package pdftex.def Info: images/output-login-new.png  used on input line 2082.
(pdftex.def)             Requested size: 416.72963pt x 260.44504pt.
 [59

 <./images/output-landing-new.png>]
<images/output-signup-new.png, id=1439, 2569.6pt x 1606.0pt>
File: images/output-signup-new.png Graphic file (type png)
<use images/output-signup-new.png>
Package pdftex.def Info: images/output-signup-new.png  used on input line 2083.

(pdftex.def)             Requested size: 416.72963pt x 260.44504pt.
<images/output-farmer-new.png, id=1440, 2569.6pt x 1606.0pt>
File: images/output-farmer-new.png Graphic file (type png)
<use images/output-farmer-new.png>
Package pdftex.def Info: images/output-farmer-new.png  used on input line 2084.

(pdftex.def)             Requested size: 416.72963pt x 260.44504pt.
 [60 <./images/output-features-new.png> <./images/output-login-new.png>]
<images/output-agent-page-new.png, id=1449, 2569.6pt x 1606.0pt>
File: images/output-agent-page-new.png Graphic file (type png)
<use images/output-agent-page-new.png>
Package pdftex.def Info: images/output-agent-page-new.png  used on input line 2
085.
(pdftex.def)             Requested size: 416.72963pt x 260.44504pt.
<images/output-razorpay-new.png, id=1450, 2569.6pt x 1606.0pt>
File: images/output-razorpay-new.png Graphic file (type png)
<use images/output-razorpay-new.png>
Package pdftex.def Info: images/output-razorpay-new.png  used on input line 208
6.
(pdftex.def)             Requested size: 416.72963pt x 260.44504pt.
 [61 <./images/output-signup-new.png> <./images/output-farmer-new.png>]
<images/output-payment-confirmation-new.png, id=1459, 2569.6pt x 1606.0pt>
File: images/output-payment-confirmation-new.png Graphic file (type png)
<use images/output-payment-confirmation-new.png>
Package pdftex.def Info: images/output-payment-confirmation-new.png  used on in
put line 2087.
(pdftex.def)             Requested size: 416.72963pt x 260.44504pt.
<images/output-contact-us-new.png, id=1460, 2569.6pt x 1606.0pt>
File: images/output-contact-us-new.png Graphic file (type png)
<use images/output-contact-us-new.png>
Package pdftex.def Info: images/output-contact-us-new.png  used on input line 2
088.
(pdftex.def)             Requested size: 416.72963pt x 260.44504pt.

[62 <./images/output-agent-page-new.png> <./images/output-razorpay-new.png>]
[63 <./images/output-payment-confirmation-new.png> <./images/output-contact-us-
new.png>]
File: ../6c901521-fcfe-4700-8635-eb6cf4a7b2f8-removebg-preview.png Graphic file
 (type png)
<use ../6c901521-fcfe-4700-8635-eb6cf4a7b2f8-removebg-preview.png>
Package pdftex.def Info: ../6c901521-fcfe-4700-8635-eb6cf4a7b2f8-removebg-previ
ew.png  used on input line 2096.
(pdftex.def)             Requested size: 416.72963pt x 436.31558pt.
 [64

]
Overfull \hbox (6.95074pt too wide) in paragraph at lines 2107--2108
[]\OT1/ptm/b/n/12 Static Anal-y-sis: \OT1/ptm/m/n/12 ES-Lint with Type-Script p
lu-gin per-formed au-to-mated code qual-ity checks.
 []


Overfull \hbox (25.49109pt too wide) in paragraph at lines 2115--2116
[]\OT1/ptm/b/n/12 Responsive Test-ing: \OT1/ptm/m/n/12 All pages were ver-i-fie
d across desk-top (1920$\OMS/ztmcm/m/n/12 ^^B$\OT1/ptm/m/n/12 1080), tablet (76
8$\OMS/ztmcm/m/n/12 ^^B$\OT1/ptm/m/n/12 1024),
 []


Overfull \hbox (0.65111pt too wide) in paragraph at lines 2117--2118
[]\OT1/ptm/b/n/12 Performance Test-ing: \OT1/ptm/m/n/12 Page load times, Fire-s
tore query la-tency, and im-age up-load speeds
 []


Overfull \hbox (2.48997pt too wide) in paragraph at lines 2130--2130
[]|\OT1/ptm/m/n/10.95 Authentication|  
 []


Overfull \hbox (2.48997pt too wide) in paragraph at lines 2132--2132
[]|\OT1/ptm/m/n/10.95 Authentication|  
 []


Overfull \hbox (2.48997pt too wide) in paragraph at lines 2134--2134
[]|\OT1/ptm/m/n/10.95 Authentication|  
 []


Overfull \hbox (2.48997pt too wide) in paragraph at lines 2136--2136
[]|\OT1/ptm/m/n/10.95 Authentication|  
 []

LaTeX Font Info:    Font shape `OT1/ptm/bx/n' in size <10.95> not available
(Font)              Font shape `OT1/ptm/b/n' tried instead on input line 2166.
[65

] [66] [67]
Underfull \hbox (badness 10000) in paragraph at lines 2215--2215
[]|\OT1/ptm/m/n/12 Image Up-load (Cloud-i-
 []


Underfull \hbox (badness 10000) in paragraph at lines 2215--2215
[]|\OT1/ptm/m/n/12 2.3 sec-onds
 []

[68]
File: ../6c901521-fcfe-4700-8635-eb6cf4a7b2f8-removebg-preview.png Graphic file
 (type png)
<use ../6c901521-fcfe-4700-8635-eb6cf4a7b2f8-removebg-preview.png>
Package pdftex.def Info: ../6c901521-fcfe-4700-8635-eb6cf4a7b2f8-removebg-previ
ew.png  used on input line 2245.
(pdftex.def)             Requested size: 416.72963pt x 436.31558pt.
 [69

]
Underfull \hbox (badness 10000) in paragraph at lines 2274--2275
[]|\OT1/ptm/m/n/12 33.2 person-
 []


Overfull \hbox (1.91078pt too wide) in paragraph at lines 2285--2286
\OT1/ptm/m/n/12 The CO-COMO es-ti-ma-tion sug-gests ap-prox-i-mately 33 person-
months of ef-fort dis-tributed across
 []


Underfull \hbox (badness 10000) in paragraph at lines 2303--2303
[]|\OT1/ptm/m/n/12 Broadband for 4
 []


Underfull \hbox (badness 1142) in paragraph at lines 2313--2313
[]|\OT1/ptm/m/n/12 Free tier (25 cred-it-s/-
 []


Underfull \hbox (badness 6493) in paragraph at lines 2317--2317
[]|\OT1/ptm/m/n/12 Custom do-main (op-
 []


Underfull \hbox (badness 10000) in paragraph at lines 2319--2319
[]|\OT1/ptm/m/n/12 Free tier for hobby
 []


Underfull \hbox (badness 1655) in paragraph at lines 2331--2331
[]|\OT1/ptm/m/n/12 Open-source (ISC Li-
 []


LaTeX Warning: `!h' float specifier changed to `!ht'.

[70

]
Underfull \hbox (badness 10000) in paragraph at lines 2361--2361
[]|\OT1/ptm/m/n/12 Rahul Tukaram
 []


Underfull \hbox (badness 3386) in paragraph at lines 2361--2362
[]|\OT1/ptm/m/n/12 Dashboard UIs, re-spon-sive
 []


Underfull \hbox (badness 10000) in paragraph at lines 2363--2363
[]|\OT1/ptm/m/n/12 Tushar Tu-
 []


Underfull \hbox (badness 6173) in paragraph at lines 2365--2365
[]|\OT1/ptm/m/n/12 Karan Na-ganath
 []


Underfull \hbox (badness 5985) in paragraph at lines 2367--2367
[]|\OT1/ptm/m/n/12 Saurabh Bal-asa-
 []


Underfull \hbox (badness 4492) in paragraph at lines 2367--2368
[]|\OT1/ptm/m/n/12 Test cases, se-cu-rity rules,
 []

[71] [72]
File: ../6c901521-fcfe-4700-8635-eb6cf4a7b2f8-removebg-preview.png Graphic file
 (type png)
<use ../6c901521-fcfe-4700-8635-eb6cf4a7b2f8-removebg-preview.png>
Package pdftex.def Info: ../6c901521-fcfe-4700-8635-eb6cf4a7b2f8-removebg-previ
ew.png  used on input line 2379.
(pdftex.def)             Requested size: 416.72963pt x 436.31558pt.
 [73

]
Overfull \hbox (2.46275pt too wide) in paragraph at lines 2386--2387
[]\OT1/ptm/b/n/12 Agricultural Co-op-er-a-tives: \OT1/ptm/m/n/12 Farm-ing co-op
-er-a-tives can use Agri-Trace to co-or-di-nate waste
 []

[74

] [75] [76]
File: ../6c901521-fcfe-4700-8635-eb6cf4a7b2f8-removebg-preview.png Graphic file
 (type png)
<use ../6c901521-fcfe-4700-8635-eb6cf4a7b2f8-removebg-preview.png>
Package pdftex.def Info: ../6c901521-fcfe-4700-8635-eb6cf4a7b2f8-removebg-previ
ew.png  used on input line 2440.
(pdftex.def)             Requested size: 416.72963pt x 436.31558pt.
 [77

]
Overfull \hbox (0.13522pt too wide) in paragraph at lines 2451--2452
[]\OT1/ptm/b/n/12 Complete Waste Life-cy-cle Track-ing: \OT1/ptm/m/n/12 End-to-
end track-ing from waste re-port-ing through
 []


Overfull \hbox (23.95374pt too wide) in paragraph at lines 2453--2454
[]\OT1/ptm/b/n/12 Environmental Quan-tifi-ca-tion: \OT1/ptm/m/n/12 Im-ple-men-t
a-tion of a car-bon credit sys-tem with scientifically-
 []


Overfull \hbox (0.40875pt too wide) in paragraph at lines 2463--2464
[]\OT1/ptm/b/n/12 AI In-te-gra-tion: \OT1/ptm/m/n/12 Google Genkit AI in-te-gra
-tion for in-tel-li-gent waste clas-si-fi-ca-tion, demon-
 []

[78

] [79] [80]
File: ../6c901521-fcfe-4700-8635-eb6cf4a7b2f8-removebg-preview.png Graphic file
 (type png)
<use ../6c901521-fcfe-4700-8635-eb6cf4a7b2f8-removebg-preview.png>
Package pdftex.def Info: ../6c901521-fcfe-4700-8635-eb6cf4a7b2f8-removebg-previ
ew.png  used on input line 2507.
(pdftex.def)             Requested size: 416.72963pt x 436.31558pt.
 [81

]
Overfull \hbox (94.39253pt too wide) in paragraph at lines 2518--2519
[]\OT1/ptm/m/n/12 ``Firebase Doc-u-men-ta-tion -- Fire-store Se-cu-rity Rules,'
' \OT1/ptm/m/it/12 https://firebase.google.com/docs/firestore/security/get-
 []


Overfull \hbox (143.01776pt too wide) in paragraph at lines 2540--2541
[]\OT1/ptm/m/n/12 ``Cloudinary Doc-u-men-ta-tion -- Im-age Up-load API,'' \OT1/
ptm/m/it/12 https://cloudinary.com/documentation/image[]upload[]api[]reference 

 []


Overfull \hbox (87.82864pt too wide) in paragraph at lines 2544--2545
[]\OT1/ptm/m/n/12 ``OpenStreetMap Nom-i-na-tim -- Geocod-ing Ser-vice,'' \OT1/p
tm/m/it/12 https://nominatim.org/release-docs/latest/api/Reverse/ 
 []

[82

] [83] [84] [85] (./main.aux)
 ***********
LaTeX2e <2023-11-01> patch level 1
L3 programming layer <2024-01-22>
 ***********
Package rerunfilecheck Info: File `main.out' has not changed.
(rerunfilecheck)             Checksum: 557E3BBA8762772FA57B337B2A48770C;13677.
 ) 
Here is how much of TeX's memory you used:
 29201 strings out of 476182
 549060 string characters out of 5795595
 2210975 words of memory out of 5000000
 49779 multiletter control sequences out of 15000+600000
 601259 words of font info for 116 fonts, out of 8000000 for 9000
 14 hyphenation exceptions out of 8191
 99i,12n,101p,813b,2202s stack positions out of 10000i,1000n,20000p,200000b,200000s
 </home/iic/.texlive2023/texmf-var/fonts/pk/ljfour/jknappen/ec/tctt1095.600pk
></usr/share/texlive/texmf-dist/fonts/type1/public/amsfonts/cm/cmitt10.pfb></us
r/share/texlive/texmf-dist/fonts/type1/public/amsfonts/cm/cmmi10.pfb></usr/shar
e/texlive/texmf-dist/fonts/type1/public/amsfonts/cm/cmr10.pfb></usr/share/texli
ve/texmf-dist/fonts/type1/public/amsfonts/cm/cmsy10.pfb></usr/share/texlive/tex
mf-dist/fonts/type1/public/amsfonts/cm/cmtt10.pfb></usr/share/texlive/texmf-dis
t/fonts/type1/public/amsfonts/cm/cmtt12.pfb></usr/share/texlive/texmf-dist/font
s/type1/urw/times/utmb8a.pfb></usr/share/texlive/texmf-dist/fonts/type1/urw/tim
es/utmr8a.pfb></usr/share/texlive/texmf-dist/fonts/type1/urw/times/utmri8a.pfb>

Output written on main.pdf (89 pages, 3906056 bytes).
PDF statistics:
 1879 PDF objects out of 2073 (max. 8388607)
 1626 compressed objects within 17 object streams
 969 named destinations out of 1000 (max. 500000)
 663 words of extra memory for PDF output out of 10000 (max. 10000000)

